{
    "status": "ok",
    "data": {
        "nodes": [
            {
                "id": {
                    "package": "org.extendj.sccid",
                    "class": "ManyTypes",
                    "method": "main()"
                },
                "type": "void",
                "path": "testfiles/ManyTypes.java",
                "line": 6,
                "params": [],
                "kind": "entry-point",
                "visibility": "static"
            },
            {
                "id": {
                    "package": "org.extendj.sccid",
                    "class": "A",
                    "method": "A()"
                },
                "type": "",
                "path": "testfiles/ManyTypes.java",
                "line": 0,
                "params": [],
                "kind": "constructor",
                "visibility": "public"
            },
            {
                "id": {
                    "package": "java.lang",
                    "class": "Object",
                    "method": "<init>()"
                },
                "type": "",
                "path": "jrt:/java.base/java/lang/Object.class",
                "line": 0,
                "params": [],
                "kind": "constructor",
                "visibility": "public"
            },
            {
                "id": {
                    "package": "org.extendj.sccid",
                    "class": "A",
                    "method": "init<>"
                },
                "type": "",
                "path": "testfiles/ManyTypes.java",
                "line": 13,
                "params": [],
                "kind": "instance-initializer",
                "visibility": "public"
            },
            {
                "id": {
                    "package": "org.extendj.sccid",
                    "class": "A",
                    "method": "foo()"
                },
                "type": "void",
                "path": "testfiles/ManyTypes.java",
                "line": 13,
                "params": [],
                "kind": "method",
                "visibility": "public"
            }
        ],
        "edges": [
            {
                "source": {
                    "package": "org.extendj.sccid",
                    "class": "ManyTypes",
                    "method": "main()"
                },
                "target": {
                    "package": "org.extendj.sccid",
                    "class": "A",
                    "method": "A()"
                }
            },
            {
                "source": {
                    "package": "org.extendj.sccid",
                    "class": "ManyTypes",
                    "method": "main()"
                },
                "target": {
                    "package": "org.extendj.sccid",
                    "class": "A",
                    "method": "foo()"
                }
            },
            {
                "source": {
                    "package": "org.extendj.sccid",
                    "class": "A",
                    "method": "A()"
                },
                "target": {
                    "package": "java.lang",
                    "class": "Object",
                    "method": "<init>()"
                }
            },
            {
                "source": {
                    "package": "org.extendj.sccid",
                    "class": "A",
                    "method": "A()"
                },
                "target": {
                    "package": "org.extendj.sccid",
                    "class": "A",
                    "method": "init<>"
                }
            }
        ]
    }
}